// Jest Snapshot v1, https://goo.gl/fbAQLP

exports[`list item  with a photo 1`] = `
<View
  style={
    Array [
      Object {
        "alignSelf": "center",
        "backgroundColor": "#fff",
        "borderColor": "lightgray",
        "borderRadius": 15,
        "borderWidth": 1,
        "elevation": 1,
        "marginBottom": 12,
        "shadowColor": "rgba(0,0,0, .4)",
        "shadowOffset": Object {
          "height": 1,
          "width": 0.5,
        },
        "shadowOpacity": 0.2,
        "shadowRadius": 0.5,
        "width": "98%",
      },
      undefined,
    ]
  }
>
  <View
    style={
      Object {
        "alignItems": "center",
        "borderBottomColor": "lightgray",
        "borderBottomWidth": 0.1,
        "flexDirection": "row",
        "justifyContent": "space-between",
        "marginTop": 5,
        "paddingRight": 4,
      }
    }
  >
    <View
      accessible={true}
      focusable={true}
      isTVSelectable={true}
      onClick={[Function]}
      onResponderGrant={[Function]}
      onResponderMove={[Function]}
      onResponderRelease={[Function]}
      onResponderTerminate={[Function]}
      onResponderTerminationRequest={[Function]}
      onStartShouldSetResponder={[Function]}
      style={
        Object {
          "flexDirection": "row",
          "opacity": 1,
        }
      }
    >
      <View
        style={
          Object {
            "alignItems": "center",
            "flexDirection": "row",
          }
        }
      >
        <View
          style={
            Object {
              "alignItems": "center",
              "borderColor": "lightgray",
              "borderRadius": 18,
              "borderWidth": 0.5,
              "height": 36,
              "justifyContent": "center",
              "margin": 12,
              "width": 36,
            }
          }
        />
        <View>
          <Text
            ellipsizeMode="tail"
            numberOfLines={2}
            style={
              Array [
                Object {
                  "color": "#000",
                  "fontFamily": "System",
                  "fontSize": 16,
                },
                Object {
                  "alignItems": "center",
                  "color": "#111111",
                  "fontSize": 18,
                  "fontWeight": "500",
                  "justifyContent": "center",
                },
              ]
            }
            uppercase={false}
          />
        </View>
      </View>
      <View
        style={
          Object {
            "alignItems": "center",
            "flex": 1,
            "flexDirection": "row",
            "justifyContent": "flex-end",
          }
        }
      >
        <View
          accessible={true}
          focusable={true}
          isTVSelectable={true}
          onClick={[Function]}
          onResponderGrant={[Function]}
          onResponderMove={[Function]}
          onResponderRelease={[Function]}
          onResponderTerminate={[Function]}
          onResponderTerminationRequest={[Function]}
          onStartShouldSetResponder={[Function]}
          style={
            Object {
              "flexDirection": "row",
              "opacity": 1,
            }
          }
        >
          <Text />
        </View>
        <Text />
      </View>
    </View>
  </View>
  <View
    accessible={true}
    focusable={true}
    isTVSelectable={true}
    onClick={[Function]}
    onResponderGrant={[Function]}
    onResponderMove={[Function]}
    onResponderRelease={[Function]}
    onResponderTerminate={[Function]}
    onResponderTerminationRequest={[Function]}
    onStartShouldSetResponder={[Function]}
    style={
      Object {
        "opacity": 1,
      }
    }
  >
    <View
      style={
        Object {
          "flexDirection": "column",
        }
      }
    />
  </View>
</View>
`;
